[2026-09-16 16:54:31] G9 Mouse update
  artwork rebuilt: 70 files
  every file parses, hotspot centred, Windows loads it
  spin latches, survives release, stops on next click
  live pointer matches every file on disk
  pushed: G9 Mouse update 2026-09-16 16:54

[2026-09-16 16:57:57] G9 Mouse update
  artwork rebuilt: 70 files
  every file parses, hotspot centred, Windows loads it
  spin latches, survives release, stops on next click
  live pointer matches every file on disk
  pushed: No is a white cross; every centre mark normalised to one span

[2026-09-16 17:00:17] G9 Mouse update
  artwork rebuilt: 70 files
  every file parses, hotspot centred, Windows loads it
  spin latches, survives release, stops on next click
  live pointer matches every file on disk
  push skipped (-NoPush)

[2026-09-16 17:06:53] G9 Mouse update
  artwork rebuilt: 70 files
  every file parses, hotspot centred, Windows loads it
  spin latches, survives release, stops on next click
  live pointer matches every file on disk
  pushed: NWPen centre emptied in both sets

[2026-09-16 17:11:57] G9 Mouse update
  artwork rebuilt: 70 files
  every file parses, hotspot centred, Windows loads it
  spin latches, survives release, stops on next click
  neon trail paints real screen pixels at 30+ fps
  live pointer matches every file on disk
  pushed: Neon trail: silver-on-ice light trail while the spin is latched

